
> backend@1.0.0 dev
> nodemon src/server.js

[33m[nodemon] 3.1.14[39m
[33m[nodemon] to restart at any time, enter `rs`[39m
[33m[nodemon] watching path(s): src\**\*[39m
[33m[nodemon] watching extensions: js,json[39m
[32m[nodemon] starting `node src/server.js`[39m
◇ injected env (7) from .env // tip: ⌘ enable debugging { debug: true }
◇ injected env (0) from .env // tip: ⌘ suppress logs { quiet: true }
MongoDB Connected: localhost
Server running in development mode on port 5000
[0mPOST /api/v1/auth/login [32m200[0m 110.855 ms - 302[0m
[0mPOST /api/v1/auth/login [32m200[0m 119.159 ms - 302[0m
[0mGET /api/v1/auth/me [36m304[0m 24.627 ms - -[0m
[0mGET /api/v1/algo-access?search=&status=all [36m304[0m 31.130 ms - -[0m
[0mGET /api/v1/algo-access?search=&status=active [32m200[0m 36.944 ms - -[0m
[0mGET /api/v1/algo-access?search=&status=inactive [32m200[0m 13.769 ms - -[0m
[0mGET /api/v1/algo-access?search=&status=expiring-soon [32m200[0m 19.873 ms - 99[0m
[0mGET /api/v1/algo-access?search=&status=expiring-soon [36m304[0m 20.858 ms - -[0m
[0mGET /api/v1/algo-access?search=&status=all [36m304[0m 17.323 ms - -[0m
[0mPATCH /api/v1/algo-access/6a01940ef255a223894e27cd/toggle-status [32m200[0m 43.483 ms - 492[0m
[0mGET /api/v1/algo-access?search=&status=all [32m200[0m 15.776 ms - -[0m
[0mGET /api/v1/algo-access?search=&status=active [32m200[0m 8.612 ms - 569[0m
[0mGET /api/v1/algo-access?search=&status=inactive [32m200[0m 15.718 ms - -[0m
[0mGET /api/v1/algo-access?search=&status=inactive [36m304[0m 21.848 ms - -[0m
[0mGET /api/v1/algo-access?search=&status=inactive [36m304[0m 11.220 ms - -[0m
[32m[nodemon] restarting child process[39m
[32m[nodemon] starting `node src/server.js`[39m
◇ injected env (7) from .env // tip: ⌁ auth for agents [www.vestauth.com]
◇ injected env (0) from .env // tip: ⌁ auth for agents [www.vestauth.com]
MongoDB Connected: localhost
Server running in development mode on port 5000
[0mGET /api/v1/auth/me [36m304[0m 10.932 ms - -[0m
[0mGET /api/v1/auth/me [36m304[0m 4.353 ms - -[0m
[0mGET /api/v1/algo-access?search=&status=all [36m304[0m 7.591 ms - -[0m
[0mGET /api/v1/auth/me [36m304[0m 3.248 ms - -[0m
[0mGET /api/v1/auth/me [36m304[0m 2.559 ms - -[0m
[0mGET /api/v1/algo-access?search=&status=all [36m304[0m 6.209 ms - -[0m
[0mGET /api/v1/auth/me [36m304[0m 4.741 ms - -[0m
[0mGET /api/v1/auth/me [36m304[0m 4.286 ms - -[0m
[0mGET /api/v1/algo-access?search=&status=all [36m304[0m 5.210 ms - -[0m
[0mGET /api/v1/auth/me [36m304[0m 15.473 ms - -[0m
[0mGET /api/v1/auth/me [36m304[0m 12.364 ms - -[0m
[0mGET /api/v1/algo-access?search=&status=all [36m304[0m 18.125 ms - -[0m
[0mGET /api/v1/auth/me [36m304[0m 5.049 ms - -[0m
[0mGET /api/v1/auth/me [36m304[0m 3.743 ms - -[0m
[0mGET /api/v1/algo-access?search=&status=all [36m304[0m 6.684 ms - -[0m
[0mGET /api/v1/auth/me [36m304[0m 3.756 ms - -[0m
[0mGET /api/v1/auth/me [36m304[0m 5.381 ms - -[0m
[0mGET /api/v1/algo-access?search=&status=all [36m304[0m 8.478 ms - -[0m
[0mGET /api/v1/auth/me [36m304[0m 6.456 ms - -[0m
[0mGET /api/v1/auth/me [36m304[0m 4.761 ms - -[0m
[0mGET /api/v1/algo-access?search=&status=all [36m304[0m 5.261 ms - -[0m
